// Jest Snapshot v1, https://goo.gl/fbAQLP

exports[`<RegisterPage /> Should render and match the snapshot 1`] = `
<div>
  <section
    class="Section-ojdkzv-0 CenteredSection-sc-1e2by6n-0 fuuAJb"
  >
    <h2
      class="H2-egphza-0 fehwqM"
    >
      Register a new account:
    </h2>
  </section>
  <section
    class="Section-ojdkzv-0 CenteredSection-sc-1e2by6n-0 fuuAJb"
  >
    <form
      class="Form-kd3r69-0 fickPI"
    >
      <div>
        <label
          for="username"
        >
          Username
          <input
            class="Input-sc-19txxuq-0 bqjmLb"
            id="username"
            placeholder=""
            type="text"
            value=""
          />
        </label>
      </div>
      <div>
        <label
          for="password"
        >
          Password
          <input
            class="Input-sc-19txxuq-0 bqjmLb"
            id="password"
            placeholder=""
            type="password"
            value=""
          />
        </label>
      </div>
      <div>
        <label
          for="confirmPassword"
        >
          Confirm password
          <input
            class="Input-sc-19txxuq-0 bqjmLb"
            id="confirmPassword"
            placeholder=""
            type="password"
            value=""
          />
        </label>
      </div>
      <div
        class="Wrapper-sc-5dsnpv-0 bCngtA"
      >
        <input
          class="StyledInputButton-sc-114mby9-0 krjkFi"
          disabled=""
          type="submit"
        />
      </div>
    </form>
  </section>
</div>
`;
